00:00 +0: loading /home/mustofa/Music/flutter/muslim_time_one/test/widget_test.dart
00:00 +0: App smoke test
══╡ EXCEPTION CAUGHT BY RENDERING LIBRARY ╞═════════════════════════════════════════════════════════
The following assertion was thrown during layout:
A RenderFlex overflowed by 187 pixels on the right.

The relevant error-causing widget was:
  Row
  Row:file:///home/mustofa/Music/flutter/muslim_time_one/lib/features/prayer_times/presentation/screens/prayer_times_screen.dart:434:14

The overflowing RenderFlex has an orientation of Axis.horizontal.
The edge of the RenderFlex that is overflowing has been marked in the rendering with a yellow and
black striped pattern. This is usually caused by the contents being too big for the RenderFlex.
Consider applying a flex factor (e.g. using an Expanded widget) to force the children of the
RenderFlex to fit within the available space instead of being sized to their natural size.
This is considered an error condition because it indicates that there is content that cannot be
seen. If the content is legitimately bigger than the available space, consider clipping it with a
ClipRect widget before putting it in the flex, or using a scrollable container rather than a Flex,
like a ListView.
The specific RenderFlex in question is: RenderFlex#7d9cc relayoutBoundary=up7 OVERFLOWING:
  creator: Row ← Padding ← DecoratedBox ← ConstrainedBox ← Container ← Column ← Padding ←
    SliverToBoxAdapter ← Viewport ← IgnorePointer-[GlobalKey#2d182] ← Semantics ← Listener ← ⋯
  parentData: offset=Offset(21.0, 21.0) (can use size)
  constraints: BoxConstraints(w=718.0, 0.0<=h<=Infinity)
  size: Size(718.0, 46.0)
  direction: horizontal
  mainAxisAlignment: start
  mainAxisSize: max
  crossAxisAlignment: center
  textDirection: ltr
  verticalDirection: down
  spacing: 0.0
◢◤◢◤◢◤◢◤◢◤◢◤◢◤◢◤◢◤◢◤◢◤◢◤◢◤◢◤◢◤◢◤◢◤◢◤◢◤◢◤◢◤◢◤◢◤◢◤◢◤◢◤◢◤◢◤◢◤◢◤◢◤◢◤◢◤◢◤◢◤◢◤◢◤◢◤◢◤◢◤◢◤◢◤◢◤◢◤◢◤◢◤◢◤◢◤◢◤◢◤
════════════════════════════════════════════════════════════════════════════════════════════════════
00:01 +0 -1: App smoke test [E]
  Test failed. See exception logs above.
  The test description was: App smoke test
  
00:01 +0 -1: Some tests failed.
